WARNING: File may have been truncated: actual file length (747520) is smaller than the expected size (760320) [astropy.io.fits.file]
WARNING: File may have been truncated: actual file length (756280) is smaller than the expected size (760320) [astropy.io.fits.file]
WARNING: File may have been truncated: actual file length (481280) is smaller than the expected size (725760) [astropy.io.fits.file]
WARNING: File may have been truncated: actual file length (133120) is smaller than the expected size (725760) [astropy.io.fits.file]
WARNING: File may have been truncated: actual file length (124340) is smaller than the expected size (725760) [astropy.io.fits.file]
WARNING: File may have been truncated: actual file length (430080) is smaller than the expected size (725760) [astropy.io.fits.file]
WARNING: File may have been truncated: actual file length (696320) is smaller than the expected size (725760) [astropy.io.fits.file]
WARNING: File may have been truncated: actual file length (686080) is smaller than the expected size (725760) [astropy.io.fits.file]
WARNING: File may have been truncated: actual file length (327680) is smaller than the expected size (725760) [astropy.io.fits.file]
WARNING: File may have been truncated: actual file length (368640) is smaller than the expected size (725760) [astropy.io.fits.file]
WARNING: File may have been truncated: actual file length (399360) is smaller than the expected size (725760) [astropy.io.fits.file]
WARNING: File may have been truncated: actual file length (304260) is smaller than the expected size (725760) [astropy.io.fits.file]
WARNING: File may have been truncated: actual file length (296960) is smaller than the expected size (725760) [astropy.io.fits.file]
WARNING: File may have been truncated: actual file length (225280) is smaller than the expected size (725760) [astropy.io.fits.file]
WARNING: File may have been truncated: actual file length (232580) is smaller than the expected size (725760) [astropy.io.fits.file]
WARNING: File may have been truncated: actual file length (408120) is smaller than the expected size (725760) [astropy.io.fits.file]
Fetching Monstein catalog 2021-01-01 .. 2024-03-31 ...
  [burst_catalog] fetching 2021-01 ...
  [burst_catalog] fetching 2021-02 ...
  [burst_catalog] fetching 2021-03 ...
  [burst_catalog] fetching 2021-04 ...
  [burst_catalog] fetching 2021-05 ...
  [burst_catalog] fetching 2021-06 ...
  [burst_catalog] fetching 2021-07 ...
  [burst_catalog] fetching 2021-08 ...
  [burst_catalog] fetching 2021-09 ...
  [burst_catalog] fetching 2021-10 ...
  [burst_catalog] fetching 2021-11 ...
  [burst_catalog] fetching 2021-12 ...
  [burst_catalog] fetching 2022-01 ...
  [burst_catalog] fetching 2022-02 ...
  [burst_catalog] fetching 2022-03 ...
  [burst_catalog] fetching 2022-04 ...
  [burst_catalog] fetching 2022-05 ...
  [burst_catalog] fetching 2022-06 ...
  [burst_catalog] fetching 2022-07 ...
  [burst_catalog] fetching 2022-08 ...
  [burst_catalog] fetching 2022-09 ...
  [burst_catalog] fetching 2022-10 ...
  [burst_catalog] fetching 2022-11 ...
  [burst_catalog] fetching 2022-12 ...
  [burst_catalog] fetching 2023-01 ...
  [burst_catalog] fetching 2023-02 ...
  [burst_catalog] fetching 2023-03 ...
  [burst_catalog] fetching 2023-04 ...
  [burst_catalog] fetching 2023-05 ...
  [burst_catalog] fetching 2023-06 ...
  [burst_catalog] fetching 2023-07 ...
  [burst_catalog] fetching 2023-08 ...
  [burst_catalog] fetching 2023-09 ...
  [burst_catalog] fetching 2023-10 ...
  [burst_catalog] fetching 2023-11 ...
  [burst_catalog] fetching 2023-12 ...
  [burst_catalog] fetching 2024-01 ...
  [burst_catalog] fetching 2024-02 ...
  [burst_catalog] fetching 2024-03 ...
471 (station, event) rows after filtering (stations=['GREENLAND'], types=['II', 'III', 'V'])
duration pool for negatives: n=469, median=60s
160 distinct (station, date) pairs to fetch; 1390 already done

[1] GREENLAND 20220701 -- 6 cataloged event(s)
    [fetch] skipping https://soleil.i4ds.ch/solarradio/data/2002-20yy_Callisto/2022/07/01/GREENLAND_20220701_113000_62.fit.gz: buffer is too small for requested array
    [fetch] skipping https://soleil.i4ds.ch/solarradio/data/2002-20yy_Callisto/2022/07/01/GREENLAND_20220701_113000_63.fit.gz: buffer is too small for requested array
    [fetch] GREENLAND 2022-07-01 has 67 file(s) from a simultaneous second receiver (overlapping timestamps); keeping one series
    [extract] event 11:36-11:45 on 20220701 not fully covered by downloaded data for GREENLAND (gap or out of range), skipping
  -> 5 positive + 2 negative crop(s) in 105.0s (67 files)

[2] GREENLAND 20220702 -- 10 cataloged event(s)
    [fetch] skipping https://soleil.i4ds.ch/solarradio/data/2002-20yy_Callisto/2022/07/02/GREENLAND_20220702_174500_62.fit.gz: buffer is too small for requested array
    [fetch] skipping https://soleil.i4ds.ch/solarradio/data/2002-20yy_Callisto/2022/07/02/GREENLAND_20220702_174500_63.fit.gz: buffer is too small for requested array
    [fetch] skipping https://soleil.i4ds.ch/solarradio/data/2002-20yy_Callisto/2022/07/02/GREENLAND_20220702_210000_63.fit.gz: Compressed file ended before the end-of-stream marker was reached
    [fetch] GREENLAND 2022-07-02 has 66 file(s) from a simultaneous second receiver (overlapping timestamps); keeping one series
  -> 10 positive + 2 negative crop(s) in 102.5s (67 files)

[3] GREENLAND 20220703 -- 20 cataloged event(s)
    [fetch] skipping https://soleil.i4ds.ch/solarradio/data/2002-20yy_Callisto/2022/07/03/GREENLAND_20220703_093000_62.fit.gz: buffer is too small for requested array
    [fetch] skipping https://soleil.i4ds.ch/solarradio/data/2002-20yy_Callisto/2022/07/03/GREENLAND_20220703_093000_63.fit.gz: buffer is too small for requested array
    [fetch] skipping https://soleil.i4ds.ch/solarradio/data/2002-20yy_Callisto/2022/07/03/GREENLAND_20220703_100000_63.fit.gz: buffer is too small for requested array
    [fetch] skipping https://soleil.i4ds.ch/solarradio/data/2002-20yy_Callisto/2022/07/03/GREENLAND_20220703_100001_62.fit.gz: buffer is too small for requested array
    [fetch] GREENLAND 2022-07-03 has 66 file(s) from a simultaneous second receiver (overlapping timestamps); keeping one series
    [extract] could not parse time_range='15.49-15:52', skipping
  -> 19 positive + 2 negative crop(s) in 103.0s (66 files)

[4] GREENLAND 20220704 -- 8 cataloged event(s)
    [fetch] skipping https://soleil.i4ds.ch/solarradio/data/2002-20yy_Callisto/2022/07/04/GREENLAND_20220704_170000_62.fit.gz: buffer is too small for requested array
    [fetch] skipping https://soleil.i4ds.ch/solarradio/data/2002-20yy_Callisto/2022/07/04/GREENLAND_20220704_170000_63.fit.gz: buffer is too small for requested array
    [fetch] skipping https://soleil.i4ds.ch/solarradio/data/2002-20yy_Callisto/2022/07/04/GREENLAND_20220704_200000_63.fit.gz: buffer is too small for requested array
    [fetch] skipping https://soleil.i4ds.ch/solarradio/data/2002-20yy_Callisto/2022/07/04/GREENLAND_20220704_200001_62.fit.gz: buffer is too small for requested array
    [fetch] GREENLAND 2022-07-04 has 66 file(s) from a simultaneous second receiver (overlapping timestamps); keeping one series
  -> 8 positive + 2 negative crop(s) in 111.3s (66 files)

[5] GREENLAND 20220705 -- 11 cataloged event(s)
    [fetch] skipping https://soleil.i4ds.ch/solarradio/data/2002-20yy_Callisto/2022/07/05/GREENLAND_20220705_170000_62.fit.gz: buffer is too small for requested array
    [fetch] skipping https://soleil.i4ds.ch/solarradio/data/2002-20yy_Callisto/2022/07/05/GREENLAND_20220705_170000_63.fit.gz: buffer is too small for requested array
    [fetch] GREENLAND 2022-07-05 has 67 file(s) from a simultaneous second receiver (overlapping timestamps); keeping one series
  -> 11 positive + 2 negative crop(s) in 116.7s (67 files)

[6] GREENLAND 20220706 -- 1 cataloged event(s)
    [fetch] skipping https://soleil.i4ds.ch/solarradio/data/2002-20yy_Callisto/2022/07/06/GREENLAND_20220706_074500_62.fit.gz: buffer is too small for requested array
    [fetch] skipping https://soleil.i4ds.ch/solarradio/data/2002-20yy_Callisto/2022/07/06/GREENLAND_20220706_074500_63.fit.gz: buffer is too small for requested array
    [fetch] skipping https://soleil.i4ds.ch/solarradio/data/2002-20yy_Callisto/2022/07/06/GREENLAND_20220706_160000_62.fit.gz: buffer is too small for requested array
    [fetch] skipping https://soleil.i4ds.ch/solarradio/data/2002-20yy_Callisto/2022/07/06/GREENLAND_20220706_160000_63.fit.gz: buffer is too small for requested array
    [fetch] GREENLAND 2022-07-06 has 66 file(s) from a simultaneous second receiver (overlapping timestamps); keeping one series
  -> 1 positive + 2 negative crop(s) in 107.4s (66 files)

[7] GREENLAND 20220708 -- 6 cataloged event(s)
    [fetch] GREENLAND 2022-07-08 has 67 file(s) from a simultaneous second receiver (overlapping timestamps); keeping one series
  -> 6 positive + 2 negative crop(s) in 111.1s (67 files)

[8] GREENLAND 20220709 -- 7 cataloged event(s)
    [fetch] skipping https://soleil.i4ds.ch/solarradio/data/2002-20yy_Callisto/2022/07/09/GREENLAND_20220709_083000_62.fit.gz: buffer is too small for requested array
    [fetch] skipping https://soleil.i4ds.ch/solarradio/data/2002-20yy_Callisto/2022/07/09/GREENLAND_20220709_083000_63.fit.gz: buffer is too small for requested array
    [fetch] GREENLAND 2022-07-09 has 66 file(s) from a simultaneous second receiver (overlapping timestamps); keeping one series
  -> 7 positive + 2 negative crop(s) in 107.9s (66 files)

[9] GREENLAND 20220710 -- 1 cataloged event(s)
    [fetch] skipping https://soleil.i4ds.ch/solarradio/data/2002-20yy_Callisto/2022/07/10/GREENLAND_20220710_191500_63.fit.gz: buffer is too small for requested array
    [fetch] skipping https://soleil.i4ds.ch/solarradio/data/2002-20yy_Callisto/2022/07/10/GREENLAND_20220710_191501_62.fit.gz: buffer is too small for requested array
    [fetch] GREENLAND 2022-07-10 has 66 file(s) from a simultaneous second receiver (overlapping timestamps); keeping one series
  -> 1 positive + 2 negative crop(s) in 103.0s (66 files)

[10] GREENLAND 20220711 -- 1 cataloged event(s)
    [fetch] skipping https://soleil.i4ds.ch/solarradio/data/2002-20yy_Callisto/2022/07/11/GREENLAND_20220711_083000_62.fit.gz: buffer is too small for requested array
WARNING: File may have been truncated: actual file length (706560) is smaller than the expected size (725760) [astropy.io.fits.file]
WARNING: File may have been truncated: actual file length (716800) is smaller than the expected size (725760) [astropy.io.fits.file]
WARNING: File may have been truncated: actual file length (563200) is smaller than the expected size (725760) [astropy.io.fits.file]
WARNING: File may have been truncated: actual file length (573440) is smaller than the expected size (725760) [astropy.io.fits.file]
WARNING: File may have been truncated: actual file length (740200) is smaller than the expected size (760320) [astropy.io.fits.file]
WARNING: File may have been truncated: actual file length (737280) is smaller than the expected size (760320) [astropy.io.fits.file]
WARNING: File may have been truncated: actual file length (122880) is smaller than the expected size (725760) [astropy.io.fits.file]
WARNING: File may have been truncated: actual file length (378880) is smaller than the expected size (725760) [astropy.io.fits.file]
WARNING: File may have been truncated: actual file length (757760) is smaller than the expected size (760320) [astropy.io.fits.file]
WARNING: File may have been truncated: actual file length (143360) is smaller than the expected size (725760) [astropy.io.fits.file]
WARNING: File may have been truncated: actual file length (713860) is smaller than the expected size (725760) [astropy.io.fits.file]
WARNING: File may have been truncated: actual file length (235520) is smaller than the expected size (725760) [astropy.io.fits.file]
WARNING: File may have been truncated: actual file length (266240) is smaller than the expected size (725760) [astropy.io.fits.file]
WARNING: File may have been truncated: actual file length (460800) is smaller than the expected size (725760) [astropy.io.fits.file]
WARNING: File may have been truncated: actual file length (450560) is smaller than the expected size (725760) [astropy.io.fits.file]
WARNING: File may have been truncated: actual file length (419840) is smaller than the expected size (725760) [astropy.io.fits.file]
WARNING: File may have been truncated: actual file length (194560) is smaller than the expected size (725760) [astropy.io.fits.file]
WARNING: File may have been truncated: actual file length (184320) is smaller than the expected size (725760) [astropy.io.fits.file]
WARNING: File may have been truncated: actual file length (267700) is smaller than the expected size (725760) [astropy.io.fits.file]
    [fetch] skipping https://soleil.i4ds.ch/solarradio/data/2002-20yy_Callisto/2022/07/11/GREENLAND_20220711_083000_63.fit.gz: buffer is too small for requested array
    [fetch] GREENLAND 2022-07-11 has 66 file(s) from a simultaneous second receiver (overlapping timestamps); keeping one series
  -> 1 positive + 2 negative crop(s) in 111.5s (66 files)

[11] GREENLAND 20220712 -- 2 cataloged event(s)
    [fetch] skipping https://soleil.i4ds.ch/solarradio/data/2002-20yy_Callisto/2022/07/12/GREENLAND_20220712_081500_62.fit.gz: buffer is too small for requested array
    [fetch] skipping https://soleil.i4ds.ch/solarradio/data/2002-20yy_Callisto/2022/07/12/GREENLAND_20220712_081500_63.fit.gz: buffer is too small for requested array
    [fetch] skipping https://soleil.i4ds.ch/solarradio/data/2002-20yy_Callisto/2022/07/12/GREENLAND_20220712_200000_62.fit.gz: buffer is too small for requested array
    [fetch] skipping https://soleil.i4ds.ch/solarradio/data/2002-20yy_Callisto/2022/07/12/GREENLAND_20220712_200000_63.fit.gz: buffer is too small for requested array
    [fetch] GREENLAND 2022-07-12 has 66 file(s) from a simultaneous second receiver (overlapping timestamps); keeping one series
  -> 2 positive + 2 negative crop(s) in 113.0s (66 files)

[12] GREENLAND 20220713 -- 5 cataloged event(s)
    [fetch] skipping https://soleil.i4ds.ch/solarradio/data/2002-20yy_Callisto/2022/07/13/GREENLAND_20220713_104500_62.fit.gz: buffer is too small for requested array
    [fetch] skipping https://soleil.i4ds.ch/solarradio/data/2002-20yy_Callisto/2022/07/13/GREENLAND_20220713_104500_63.fit.gz: buffer is too small for requested array
    [fetch] GREENLAND 2022-07-13 has 67 file(s) from a simultaneous second receiver (overlapping timestamps); keeping one series
  -> 5 positive + 2 negative crop(s) in 104.6s (67 files)

[13] GREENLAND 20220714 -- 7 cataloged event(s)
    [fetch] skipping https://soleil.i4ds.ch/solarradio/data/2002-20yy_Callisto/2022/07/14/GREENLAND_20220714_160000_62.fit.gz: buffer is too small for requested array
    [fetch] skipping https://soleil.i4ds.ch/solarradio/data/2002-20yy_Callisto/2022/07/14/GREENLAND_20220714_173000_62.fit.gz: buffer is too small for requested array
    [fetch] skipping https://soleil.i4ds.ch/solarradio/data/2002-20yy_Callisto/2022/07/14/GREENLAND_20220714_173000_63.fit.gz: buffer is too small for requested array
    [fetch] GREENLAND 2022-07-14 has 65 file(s) from a simultaneous second receiver (overlapping timestamps); keeping one series
  -> 7 positive + 2 negative crop(s) in 113.5s (66 files)

[14] GREENLAND 20220715 -- 13 cataloged event(s)
    [fetch] skipping https://soleil.i4ds.ch/solarradio/data/2002-20yy_Callisto/2022/07/15/GREENLAND_20220715_094500_62.fit.gz: buffer is too small for requested array
    [fetch] skipping https://soleil.i4ds.ch/solarradio/data/2002-20yy_Callisto/2022/07/15/GREENLAND_20220715_094500_63.fit.gz: buffer is too small for requested array
    [fetch] skipping https://soleil.i4ds.ch/solarradio/data/2002-20yy_Callisto/2022/07/15/GREENLAND_20220715_171500_63.fit.gz: buffer is too small for requested array
    [fetch] GREENLAND 2022-07-15 has 65 file(s) from a simultaneous second receiver (overlapping timestamps); keeping one series
  -> 13 positive + 2 negative crop(s) in 106.9s (66 files)

[15] GREENLAND 20220716 -- 5 cataloged event(s)
    [fetch] skipping https://soleil.i4ds.ch/solarradio/data/2002-20yy_Callisto/2022/07/16/GREENLAND_20220716_110000_63.fit.gz: buffer is too small for requested array
    [fetch] skipping https://soleil.i4ds.ch/solarradio/data/2002-20yy_Callisto/2022/07/16/GREENLAND_20220716_110001_62.fit.gz: buffer is too small for requested array
    [fetch] skipping https://soleil.i4ds.ch/solarradio/data/2002-20yy_Callisto/2022/07/16/GREENLAND_20220716_141500_63.fit.gz: buffer is too small for requested array
    [fetch] skipping https://soleil.i4ds.ch/solarradio/data/2002-20yy_Callisto/2022/07/16/GREENLAND_20220716_141501_62.fit.gz: buffer is too small for requested array
    [fetch] GREENLAND 2022-07-16 has 65 file(s) from a simultaneous second receiver (overlapping timestamps); keeping one series
  -> 5 positive + 2 negative crop(s) in 104.3s (65 files)

[16] GREENLAND 20220717 -- 3 cataloged event(s)
    [fetch] skipping https://soleil.i4ds.ch/solarradio/data/2002-20yy_Callisto/2022/07/17/GREENLAND_20220717_071500_62.fit.gz: buffer is too small for requested array
    [fetch] skipping https://soleil.i4ds.ch/solarradio/data/2002-20yy_Callisto/2022/07/17/GREENLAND_20220717_071500_63.fit.gz: buffer is too small for requested array
    [fetch] skipping https://soleil.i4ds.ch/solarradio/data/2002-20yy_Callisto/2022/07/17/GREENLAND_20220717_194500_63.fit.gz: buffer is too small for requested array
    [fetch] skipping https://soleil.i4ds.ch/solarradio/data/2002-20yy_Callisto/2022/07/17/GREENLAND_20220717_194501_62.fit.gz: buffer is too small for requested array
    [fetch] GREENLAND 2022-07-17 has 66 file(s) from a simultaneous second receiver (overlapping timestamps); keeping one series
  -> 3 positive + 2 negative crop(s) in 109.2s (66 files)

[17] GREENLAND 20220718 -- 4 cataloged event(s)
    [fetch] skipping https://soleil.i4ds.ch/solarradio/data/2002-20yy_Callisto/2022/07/18/GREENLAND_20220718_111500_62.fit.gz: buffer is too small for requested array
    [fetch] skipping https://soleil.i4ds.ch/solarradio/data/2002-20yy_Callisto/2022/07/18/GREENLAND_20220718_111500_63.fit.gz: buffer is too small for requested array
    [fetch] GREENLAND 2022-07-18 has 67 file(s) from a simultaneous second receiver (overlapping timestamps); keeping one series
  -> 4 positive + 2 negative crop(s) in 102.5s (67 files)

[18] GREENLAND 20220719 -- 7 cataloged event(s)
    [fetch] GREENLAND 2022-07-19 has 67 file(s) from a simultaneous second receiver (overlapping timestamps); keeping one series
  -> 7 positive + 2 negative crop(s) in 106.0s (67 files)

[19] GREENLAND 20220720 -- 5 cataloged event(s)
    [fetch] skipping https://soleil.i4ds.ch/solarradio/data/2002-20yy_Callisto/2022/07/20/GREENLAND_20220720_073000_62.fit.gz: buffer is too small for requested array
    [fetch] skipping https://soleil.i4ds.ch/solarradio/data/2002-20yy_Callisto/2022/07/20/GREENLAND_20220720_073000_63.fit.gz: buffer is too small for requested array
    [fetch] skipping https://soleil.i4ds.ch/solarradio/data/2002-20yy_Callisto/2022/07/20/GREENLAND_20220720_101500_63.fit.gz: buffer is too small for requested array
    [fetch] skipping https://soleil.i4ds.ch/solarradio/data/2002-20yy_Callisto/2022/07/20/GREENLAND_20220720_101501_62.fit.gz: buffer is too small for requested array
    [fetch] skipping https://soleil.i4ds.ch/solarradio/data/2002-20yy_Callisto/2022/07/20/GREENLAND_20220720_114500_63.fit.gz: buffer is too small for requested array
    [fetch] skipping https://soleil.i4ds.ch/solarradio/data/2002-20yy_Callisto/2022/07/20/GREENLAND_20220720_114501_62.fit.gz: buffer is too small for requested array
    [fetch] GREENLAND 2022-07-20 has 64 file(s) from a simultaneous second receiver (overlapping timestamps); keeping one series
  -> 5 positive + 2 negative crop(s) in 109.4s (64 files)

[20] GREENLAND 20220721 -- 9 cataloged event(s)
    [fetch] skipping https://soleil.i4ds.ch/solarradio/data/2002-20yy_Callisto/2022/07/21/GREENLAND_20220721_154500_62.fit.gz: buffer is too small for requested array
    [fetch] skipping https://soleil.i4ds.ch/solarradio/data/2002-20yy_Callisto/2022/07/21/GREENLAND_20220721_154500_63.fit.gz: buffer is too small for requested array
    [fetch] GREENLAND 2022-07-21 has 67 file(s) from a simultaneous second receiver (overlapping timestamps); keeping one series
  -> 9 positive + 2 negative crop(s) in 103.5s (67 files)

[21] GREENLAND 20220722 -- 7 cataloged event(s)
    [fetch] skipping https://soleil.i4ds.ch/solarradio/data/2002-20yy_Callisto/2022/07/22/GREENLAND_20220722_154500_62.fit.gz: buffer is too small for requested array
    [fetch] skipping https://soleil.i4ds.ch/solarradio/data/2002-20yy_Callisto/2022/07/22/GREENLAND_20220722_171500_62.fit.gz: buffer is too small for requested array
WARNING: File may have been truncated: actual file length (333520) is smaller than the expected size (725760) [astropy.io.fits.file]
WARNING: File may have been truncated: actual file length (337920) is smaller than the expected size (725760) [astropy.io.fits.file]
WARNING: File may have been truncated: actual file length (759220) is smaller than the expected size (760320) [astropy.io.fits.file]
WARNING: File may have been truncated: actual file length (440320) is smaller than the expected size (725760) [astropy.io.fits.file]
WARNING: File may have been truncated: actual file length (466640) is smaller than the expected size (725760) [astropy.io.fits.file]
WARNING: File may have been truncated: actual file length (112640) is smaller than the expected size (725760) [astropy.io.fits.file]
WARNING: File may have been truncated: actual file length (176796) is smaller than the expected size (725760) [astropy.io.fits.file]
WARNING: File may have been truncated: actual file length (505834) is smaller than the expected size (725760) [astropy.io.fits.file]
WARNING: File may have been truncated: actual file length (512000) is smaller than the expected size (725760) [astropy.io.fits.file]
WARNING: File may have been truncated: actual file length (293510) is smaller than the expected size (725760) [astropy.io.fits.file]
WARNING: File may have been truncated: actual file length (655360) is smaller than the expected size (725760) [astropy.io.fits.file]
WARNING: File may have been truncated: actual file length (558392) is smaller than the expected size (725760) [astropy.io.fits.file]
WARNING: File may have been truncated: actual file length (552960) is smaller than the expected size (725760) [astropy.io.fits.file]
WARNING: File may have been truncated: actual file length (339278) is smaller than the expected size (725760) [astropy.io.fits.file]
WARNING: File may have been truncated: actual file length (348160) is smaller than the expected size (725760) [astropy.io.fits.file]
WARNING: File may have been truncated: actual file length (365190) is smaller than the expected size (725760) [astropy.io.fits.file]
WARNING: File may have been truncated: actual file length (210232) is smaller than the expected size (725760) [astropy.io.fits.file]
WARNING: File may have been truncated: actual file length (724948) is smaller than the expected size (725760) [astropy.io.fits.file]
    [fetch] skipping https://soleil.i4ds.ch/solarradio/data/2002-20yy_Callisto/2022/07/22/GREENLAND_20220722_171500_63.fit.gz: buffer is too small for requested array
    [fetch] GREENLAND 2022-07-22 has 65 file(s) from a simultaneous second receiver (overlapping timestamps); keeping one series
  -> 7 positive + 2 negative crop(s) in 104.3s (66 files)

[22] GREENLAND 20220723 -- 2 cataloged event(s)
    [fetch] skipping https://soleil.i4ds.ch/solarradio/data/2002-20yy_Callisto/2022/07/23/GREENLAND_20220723_093000_62.fit.gz: buffer is too small for requested array
    [fetch] skipping https://soleil.i4ds.ch/solarradio/data/2002-20yy_Callisto/2022/07/23/GREENLAND_20220723_093000_63.fit.gz: buffer is too small for requested array
    [fetch] skipping https://soleil.i4ds.ch/solarradio/data/2002-20yy_Callisto/2022/07/23/GREENLAND_20220723_181500_63.fit.gz: buffer is too small for requested array
    [fetch] skipping https://soleil.i4ds.ch/solarradio/data/2002-20yy_Callisto/2022/07/23/GREENLAND_20220723_181501_62.fit.gz: buffer is too small for requested array
    [fetch] GREENLAND 2022-07-23 has 66 file(s) from a simultaneous second receiver (overlapping timestamps); keeping one series
  -> 2 positive + 2 negative crop(s) in 110.4s (66 files)

[23] GREENLAND 20230825 -- 5 cataloged event(s)
    [fetch] GREENLAND 2023-08-25 has 48 file(s) from a simultaneous second receiver (overlapping timestamps); keeping one series
  -> 5 positive + 2 negative crop(s) in 74.4s (50 files)

[24] GREENLAND 20230826 -- 1 cataloged event(s)
    [fetch] skipping https://soleil.i4ds.ch/solarradio/data/2002-20yy_Callisto/2023/08/26/GREENLAND_20230826_070000_63.fit.gz: buffer is too small for requested array
    [fetch] GREENLAND 2023-08-26 has 63 file(s) from a simultaneous second receiver (overlapping timestamps); keeping one series
  -> 1 positive + 2 negative crop(s) in 104.2s (67 files)

[25] GREENLAND 20230827 -- 1 cataloged event(s)
    [fetch] GREENLAND 2023-08-27 has 61 file(s) from a simultaneous second receiver (overlapping timestamps); keeping one series
  -> 1 positive + 2 negative crop(s) in 101.9s (66 files)

[26] GREENLAND 20230830 -- 2 cataloged event(s)
    [fetch] GREENLAND 2023-08-30 has 60 file(s) from a simultaneous second receiver (overlapping timestamps); keeping one series
  -> 2 positive + 2 negative crop(s) in 96.7s (66 files)

[27] GREENLAND 20230831 -- 2 cataloged event(s)
    [fetch] GREENLAND 2023-08-31 has 62 file(s) from a simultaneous second receiver (overlapping timestamps); keeping one series
  -> 2 positive + 2 negative crop(s) in 103.0s (67 files)

[28] GREENLAND 20230902 -- 4 cataloged event(s)
    [fetch] GREENLAND 2023-09-02 has 62 file(s) from a simultaneous second receiver (overlapping timestamps); keeping one series
  -> 4 positive + 2 negative crop(s) in 103.4s (67 files)

[29] GREENLAND 20230903 -- 2 cataloged event(s)
    [fetch] GREENLAND 2023-09-03 has 63 file(s) from a simultaneous second receiver (overlapping timestamps); keeping one series
  -> 2 positive + 2 negative crop(s) in 102.3s (68 files)

[30] GREENLAND 20230905 -- 1 cataloged event(s)
    [fetch] skipping https://soleil.i4ds.ch/solarradio/data/2002-20yy_Callisto/2023/09/05/GREENLAND_20230905_233000_63.fit.gz: buffer is too small for requested array
    [fetch] GREENLAND 2023-09-05 has 61 file(s) from a simultaneous second receiver (overlapping timestamps); keeping one series
  -> 1 positive + 2 negative crop(s) in 99.9s (65 files)

[31] GREENLAND 20230906 -- 1 cataloged event(s)
    [fetch] skipping https://soleil.i4ds.ch/solarradio/data/2002-20yy_Callisto/2023/09/06/GREENLAND_20230906_201500_63.fit.gz: buffer is too small for requested array
    [fetch] skipping https://soleil.i4ds.ch/solarradio/data/2002-20yy_Callisto/2023/09/06/GREENLAND_20230906_201501_62.fit.gz: buffer is too small for requested array
    [fetch] skipping https://soleil.i4ds.ch/solarradio/data/2002-20yy_Callisto/2023/09/06/GREENLAND_20230906_214500_63.fit.gz: buffer is too small for requested array
    [fetch] skipping https://soleil.i4ds.ch/solarradio/data/2002-20yy_Callisto/2023/09/06/GREENLAND_20230906_214501_62.fit.gz: buffer is too small for requested array
    [fetch] GREENLAND 2023-09-06 has 61 file(s) from a simultaneous second receiver (overlapping timestamps); keeping one series
  -> 1 positive + 2 negative crop(s) in 105.5s (66 files)

[32] GREENLAND 20230907 -- 4 cataloged event(s)
    [fetch] skipping https://soleil.i4ds.ch/solarradio/data/2002-20yy_Callisto/2023/09/07/GREENLAND_20230907_184500_63.fit.gz: buffer is too small for requested array
    [fetch] skipping https://soleil.i4ds.ch/solarradio/data/2002-20yy_Callisto/2023/09/07/GREENLAND_20230907_184501_62.fit.gz: buffer is too small for requested array
    [fetch] GREENLAND 2023-09-07 has 62 file(s) from a simultaneous second receiver (overlapping timestamps); keeping one series
  -> 4 positive + 2 negative crop(s) in 102.5s (67 files)

[33] GREENLAND 20230908 -- 9 cataloged event(s)
    [fetch] skipping https://soleil.i4ds.ch/solarradio/data/2002-20yy_Callisto/2023/09/08/GREENLAND_20230908_101500_62.fit.gz: buffer is too small for requested array
    [fetch] skipping https://soleil.i4ds.ch/solarradio/data/2002-20yy_Callisto/2023/09/08/GREENLAND_20230908_101500_63.fit.gz: buffer is too small for requested array
    [fetch] GREENLAND 2023-09-08 has 62 file(s) from a simultaneous second receiver (overlapping timestamps); keeping one series
  -> 9 positive + 2 negative crop(s) in 101.3s (67 files)

[34] GREENLAND 20230909 -- 5 cataloged event(s)
    [fetch] skipping https://soleil.i4ds.ch/solarradio/data/2002-20yy_Callisto/2023/09/09/GREENLAND_20230909_223000_63.fit.gz: buffer is too small for requested array
    [fetch] skipping https://soleil.i4ds.ch/solarradio/data/2002-20yy_Callisto/2023/09/09/GREENLAND_20230909_223001_62.fit.gz: buffer is too small for requested array
    [fetch] GREENLAND 2023-09-09 has 62 file(s) from a simultaneous second receiver (overlapping timestamps); keeping one series
  -> 5 positive + 2 negative crop(s) in 106.0s (67 files)

[35] GREENLAND 20230911 -- 3 cataloged event(s)
    [fetch] skipping https://soleil.i4ds.ch/solarradio/data/2002-20yy_Callisto/2023/09/11/GREENLAND_20230911_074500_62.fit.gz: buffer is too small for requested array
    [fetch] skipping https://soleil.i4ds.ch/solarradio/data/2002-20yy_Callisto/2023/09/11/GREENLAND_20230911_074500_63.fit.gz: buffer is too small for requested array
    [fetch] skipping https://soleil.i4ds.ch/solarradio/data/2002-20yy_Callisto/2023/09/11/GREENLAND_20230911_210000_63.fit.gz: buffer is too small for requested array
    [fetch] skipping https://soleil.i4ds.ch/solarradio/data/2002-20yy_Callisto/2023/09/11/GREENLAND_20230911_210001_62.fit.gz: buffer is too small for requested array
    [fetch] GREENLAND 2023-09-11 has 61 file(s) from a simultaneous second receiver (overlapping timestamps); keeping one series
  -> 3 positive + 2 negative crop(s) in 100.4s (66 files)

[36] GREENLAND 20230912 -- 1 cataloged event(s)
    [fetch] skipping https://soleil.i4ds.ch/solarradio/data/2002-20yy_Callisto/2023/09/12/GREENLAND_20230912_131500_63.fit.gz: buffer is too small for requested array
    [fetch] skipping https://soleil.i4ds.ch/solarradio/data/2002-20yy_Callisto/2023/09/12/GREENLAND_20230912_131501_62.fit.gz: buffer is too small for requested array
    [fetch] GREENLAND 2023-09-12 has 62 file(s) from a simultaneous second receiver (overlapping timestamps); keeping one series
  -> 1 positive + 2 negative crop(s) in 101.3s (67 files)

[37] GREENLAND 20230913 -- 4 cataloged event(s)
    [fetch] skipping https://soleil.i4ds.ch/solarradio/data/2002-20yy_Callisto/2023/09/13/GREENLAND_20230913_070000_63.fit.gz: buffer is too small for requested array
    [fetch] skipping https://soleil.i4ds.ch/solarradio/data/2002-20yy_Callisto/2023/09/13/GREENLAND_20230913_101500_63.fit.gz: Compressed file ended before the end-of-stream marker was reached
    [fetch] skipping https://soleil.i4ds.ch/solarradio/data/2002-20yy_Callisto/2023/09/13/GREENLAND_20230913_184500_62.fit.gz: buffer is too small for requested array
WARNING: File may have been truncated: actual file length (94876) is smaller than the expected size (725760) [astropy.io.fits.file]
WARNING: File may have been truncated: actual file length (92160) is smaller than the expected size (725760) [astropy.io.fits.file]
WARNING: File may have been truncated: actual file length (409600) is smaller than the expected size (725760) [astropy.io.fits.file]
WARNING: File may have been truncated: actual file length (412316) is smaller than the expected size (725760) [astropy.io.fits.file]
WARNING: File may have been truncated: actual file length (617116) is smaller than the expected size (725760) [astropy.io.fits.file]
WARNING: File may have been truncated: actual file length (624640) is smaller than the expected size (725760) [astropy.io.fits.file]
WARNING: File may have been truncated: actual file length (631430) is smaller than the expected size (725760) [astropy.io.fits.file]
WARNING: File may have been truncated: actual file length (532480) is smaller than the expected size (725760) [astropy.io.fits.file]
WARNING: File may have been truncated: actual file length (358400) is smaller than the expected size (725760) [astropy.io.fits.file]
/home/ubuntu/Desktop/TransferLearning_CNN/ecallisto_grabber/scrape.py:123: FutureWarning: The behavior of DataFrame concatenation with empty or all-NA entries is deprecated. In a future version, this will no longer exclude empty or all-NA columns when determining the result dtypes. To retain the old behavior, exclude the relevant entries before the concat operation.
  new_meta = pd.concat([pos_meta, neg_meta], ignore_index=True)
    [fetch] skipping https://soleil.i4ds.ch/solarradio/data/2002-20yy_Callisto/2023/09/13/GREENLAND_20230913_184500_63.fit.gz: buffer is too small for requested array
    [fetch] GREENLAND 2023-09-13 has 61 file(s) from a simultaneous second receiver (overlapping timestamps); keeping one series
  -> 4 positive + 2 negative crop(s) in 100.3s (66 files)

[38] GREENLAND 20230914 -- 2 cataloged event(s)
    [fetch] skipping https://soleil.i4ds.ch/solarradio/data/2002-20yy_Callisto/2023/09/14/GREENLAND_20230914_080000_62.fit.gz: buffer is too small for requested array
    [fetch] skipping https://soleil.i4ds.ch/solarradio/data/2002-20yy_Callisto/2023/09/14/GREENLAND_20230914_080000_63.fit.gz: buffer is too small for requested array
    [fetch] skipping https://soleil.i4ds.ch/solarradio/data/2002-20yy_Callisto/2023/09/14/GREENLAND_20230914_220000_63.fit.gz: buffer is too small for requested array
    [fetch] skipping https://soleil.i4ds.ch/solarradio/data/2002-20yy_Callisto/2023/09/14/GREENLAND_20230914_220001_62.fit.gz: buffer is too small for requested array
    [fetch] skipping https://soleil.i4ds.ch/solarradio/data/2002-20yy_Callisto/2023/09/14/GREENLAND_20230914_224500_63.fit.gz: buffer is too small for requested array
    [fetch] skipping https://soleil.i4ds.ch/solarradio/data/2002-20yy_Callisto/2023/09/14/GREENLAND_20230914_224501_62.fit.gz: buffer is too small for requested array
    [fetch] GREENLAND 2023-09-14 has 60 file(s) from a simultaneous second receiver (overlapping timestamps); keeping one series
  -> 2 positive + 2 negative crop(s) in 98.6s (65 files)

[39] GREENLAND 20230915 -- 2 cataloged event(s)
    [fetch] GREENLAND 2023-09-15 has 62 file(s) from a simultaneous second receiver (overlapping timestamps); keeping one series
  -> 2 positive + 2 negative crop(s) in 97.5s (67 files)

[40] GREENLAND 20231018 -- 1 cataloged event(s)
    [fetch] skipping https://soleil.i4ds.ch/solarradio/data/2002-20yy_Callisto/2023/10/18/GREENLAND_20231018_084500_62.fit.gz: buffer is too small for requested array
    [fetch] skipping https://soleil.i4ds.ch/solarradio/data/2002-20yy_Callisto/2023/10/18/GREENLAND_20231018_084500_63.fit.gz: buffer is too small for requested array
    [fetch] skipping https://soleil.i4ds.ch/solarradio/data/2002-20yy_Callisto/2023/10/18/GREENLAND_20231018_220000_63.fit.gz: buffer is too small for requested array
    [fetch] skipping https://soleil.i4ds.ch/solarradio/data/2002-20yy_Callisto/2023/10/18/GREENLAND_20231018_220001_62.fit.gz: buffer is too small for requested array
    [fetch] GREENLAND 2023-10-18 has 60 file(s) from a simultaneous second receiver (overlapping timestamps); keeping one series
  -> 1 positive + 2 negative crop(s) in 99.8s (65 files)

[41] GREENLAND 20231020 -- 1 cataloged event(s)
    [fetch] skipping https://soleil.i4ds.ch/solarradio/data/2002-20yy_Callisto/2023/10/20/GREENLAND_20231020_200000_63.fit.gz: buffer is too small for requested array
    [fetch] skipping https://soleil.i4ds.ch/solarradio/data/2002-20yy_Callisto/2023/10/20/GREENLAND_20231020_200001_62.fit.gz: buffer is too small for requested array
    [fetch] GREENLAND 2023-10-20 has 61 file(s) from a simultaneous second receiver (overlapping timestamps); keeping one series
  -> 1 positive + 2 negative crop(s) in 99.3s (66 files)

[42] GREENLAND 20231102 -- 1 cataloged event(s)
    [fetch] skipping https://soleil.i4ds.ch/solarradio/data/2002-20yy_Callisto/2023/11/02/GREENLAND_20231102_183000_63.fit.gz: buffer is too small for requested array
    [fetch] skipping https://soleil.i4ds.ch/solarradio/data/2002-20yy_Callisto/2023/11/02/GREENLAND_20231102_183001_62.fit.gz: buffer is too small for requested array
    [fetch] GREENLAND 2023-11-02 has 62 file(s) from a simultaneous second receiver (overlapping timestamps); keeping one series
  -> 1 positive + 2 negative crop(s) in 100.1s (67 files)

[43] GREENLAND 20231108 -- 1 cataloged event(s)
    [fetch] GREENLAND 2023-11-08 has 61 file(s) from a simultaneous second receiver (overlapping timestamps); keeping one series
  -> 1 positive + 2 negative crop(s) in 97.9s (66 files)

[44] GREENLAND 20231112 -- 1 cataloged event(s)
    [fetch] GREENLAND 2023-11-12 has 59 file(s) from a simultaneous second receiver (overlapping timestamps); keeping one series
  -> 1 positive + 2 negative crop(s) in 94.5s (64 files)

[45] GREENLAND 20231117 -- 1 cataloged event(s)
    [fetch] GREENLAND 2023-11-17 has 60 file(s) from a simultaneous second receiver (overlapping timestamps); keeping one series
  -> 1 positive + 2 negative crop(s) in 95.0s (65 files)

[46] GREENLAND 20231121 -- 1 cataloged event(s)
    [fetch] GREENLAND 2023-11-21 has 61 file(s) from a simultaneous second receiver (overlapping timestamps); keeping one series
  -> 1 positive + 2 negative crop(s) in 96.7s (66 files)

[47] GREENLAND 20231123 -- 2 cataloged event(s)
    [fetch] GREENLAND 2023-11-23 has 61 file(s) from a simultaneous second receiver (overlapping timestamps); keeping one series
  -> 2 positive + 2 negative crop(s) in 96.2s (65 files)

[48] GREENLAND 20231128 -- 1 cataloged event(s)
    [fetch] GREENLAND 2023-11-28 has 59 file(s) from a simultaneous second receiver (overlapping timestamps); keeping one series
  -> 1 positive + 2 negative crop(s) in 94.5s (64 files)

[49] GREENLAND 20231130 -- 1 cataloged event(s)
    [fetch] GREENLAND 2023-11-30 has 62 file(s) from a simultaneous second receiver (overlapping timestamps); keeping one series
  -> 1 positive + 2 negative crop(s) in 98.5s (67 files)

[50] GREENLAND 20240110 -- 1 cataloged event(s)
    [fetch] GREENLAND 2024-01-10 has 61 file(s) from a simultaneous second receiver (overlapping timestamps); keeping one series
  -> 1 positive + 2 negative crop(s) in 95.6s (65 files)

[51] GREENLAND 20240129 -- 3 cataloged event(s)
    [fetch] GREENLAND 2024-01-29 has 63 file(s) from a simultaneous second receiver (overlapping timestamps); keeping one series
  -> 3 positive + 2 negative crop(s) in 98.7s (68 files)

[52] GREENLAND 20240130 -- 2 cataloged event(s)
    [fetch] GREENLAND 2024-01-30 has 62 file(s) from a simultaneous second receiver (overlapping timestamps); keeping one series
  -> 2 positive + 2 negative crop(s) in 97.5s (67 files)

[53] GREENLAND 20240131 -- 3 cataloged event(s)
    [fetch] skipping https://soleil.i4ds.ch/solarradio/data/2002-20yy_Callisto/2024/01/31/GREENLAND_20240131_194501_62.fit.gz: buffer is too small for requested array
    [fetch] GREENLAND 2024-01-31 has 62 file(s) from a simultaneous second receiver (overlapping timestamps); keeping one series
  -> 3 positive + 2 negative crop(s) in 98.5s (67 files)

[54] GREENLAND 20240201 -- 4 cataloged event(s)
    [fetch] GREENLAND 2024-02-01 has 62 file(s) from a simultaneous second receiver (overlapping timestamps); keeping one series
  -> 4 positive + 2 negative crop(s) in 98.1s (67 files)

[55] GREENLAND 20240202 -- 3 cataloged event(s)
    [fetch] GREENLAND 2024-02-02 has 62 file(s) from a simultaneous second receiver (overlapping timestamps); keeping one series
  -> 3 positive + 2 negative crop(s) in 97.4s (67 files)

[56] GREENLAND 20240203 -- 2 cataloged event(s)
    [fetch] GREENLAND 2024-02-03 has 62 file(s) from a simultaneous second receiver (overlapping timestamps); keeping one series
    [extract] event 14:29-14:30 on 20240203 not fully covered by downloaded data for GREENLAND (gap or out of range), skipping
  -> 1 positive + 2 negative crop(s) in 97.0s (67 files)

[57] GREENLAND 20240204 -- 1 cataloged event(s)
    [fetch] GREENLAND 2024-02-04 has 62 file(s) from a simultaneous second receiver (overlapping timestamps); keeping one series
    [extract] event 15:15-15:17 on 20240204 not fully covered by downloaded data for GREENLAND (gap or out of range), skipping
  -> 0 positive + 2 negative crop(s) in 97.5s (67 files)

[58] GREENLAND 20240206 -- 1 cataloged event(s)
    [fetch] GREENLAND 2024-02-06 has 63 file(s) from a simultaneous second receiver (overlapping timestamps); keeping one series
  -> 1 positive + 2 negative crop(s) in 99.1s (68 files)

[59] GREENLAND 20240207 -- 1 cataloged event(s)
WARNING: File may have been truncated: actual file length (737280) is smaller than the expected size (760320) [astropy.io.fits.file]
    [fetch] GREENLAND 2024-02-07 has 60 file(s) from a simultaneous second receiver (overlapping timestamps); keeping one series
  -> 1 positive + 2 negative crop(s) in 95.5s (65 files)

[60] GREENLAND 20240208 -- 2 cataloged event(s)
    [fetch] GREENLAND 2024-02-08 has 63 file(s) from a simultaneous second receiver (overlapping timestamps); keeping one series
  -> 2 positive + 2 negative crop(s) in 99.2s (68 files)

[61] GREENLAND 20240209 -- 2 cataloged event(s)
    [fetch] GREENLAND 2024-02-09 has 61 file(s) from a simultaneous second receiver (overlapping timestamps); keeping one series
  -> 2 positive + 2 negative crop(s) in 95.9s (66 files)

[62] GREENLAND 20240210 -- 1 cataloged event(s)
    [fetch] GREENLAND 2024-02-10 has 62 file(s) from a simultaneous second receiver (overlapping timestamps); keeping one series
  -> 1 positive + 2 negative crop(s) in 98.3s (67 files)

[63] GREENLAND 20240214 -- 2 cataloged event(s)
    [fetch] GREENLAND 2024-02-14 has 61 file(s) from a simultaneous second receiver (overlapping timestamps); keeping one series
  -> 2 positive + 2 negative crop(s) in 96.2s (65 files)

[64] GREENLAND 20240215 -- 1 cataloged event(s)
    [fetch] GREENLAND 2024-02-15 has 61 file(s) from a simultaneous second receiver (overlapping timestamps); keeping one series
  -> 1 positive + 2 negative crop(s) in 96.7s (66 files)

[65] GREENLAND 20240217 -- 1 cataloged event(s)
    [fetch] GREENLAND 2024-02-17 has 62 file(s) from a simultaneous second receiver (overlapping timestamps); keeping one series
  -> 1 positive + 2 negative crop(s) in 98.6s (67 files)

[66] GREENLAND 20240218 -- 2 cataloged event(s)
    [fetch] GREENLAND 2024-02-18 has 62 file(s) from a simultaneous second receiver (overlapping timestamps); keeping one series
  -> 2 positive + 2 negative crop(s) in 99.5s (67 files)

[67] GREENLAND 20240222 -- 4 cataloged event(s)
    [fetch] GREENLAND 2024-02-22 has 61 file(s) from a simultaneous second receiver (overlapping timestamps); keeping one series
  -> 4 positive + 2 negative crop(s) in 97.5s (66 files)

[68] GREENLAND 20240223 -- 1 cataloged event(s)
    [fetch] GREENLAND 2024-02-23 has 61 file(s) from a simultaneous second receiver (overlapping timestamps); keeping one series
  -> 1 positive + 2 negative crop(s) in 96.8s (66 files)

[69] GREENLAND 20240224 -- 3 cataloged event(s)
    [fetch] GREENLAND 2024-02-24 has 61 file(s) from a simultaneous second receiver (overlapping timestamps); keeping one series
  -> 3 positive + 2 negative crop(s) in 96.8s (66 files)

[70] GREENLAND 20240225 -- 1 cataloged event(s)
    [fetch] GREENLAND 2024-02-25 has 62 file(s) from a simultaneous second receiver (overlapping timestamps); keeping one series
  -> 1 positive + 2 negative crop(s) in 97.8s (67 files)

[71] GREENLAND 20240226 -- 1 cataloged event(s)
    [fetch] skipping https://soleil.i4ds.ch/solarradio/data/2002-20yy_Callisto/2024/02/26/GREENLAND_20240226_233000_63.fit.gz: buffer is too small for requested array
    [fetch] GREENLAND 2024-02-26 has 62 file(s) from a simultaneous second receiver (overlapping timestamps); keeping one series
  -> 1 positive + 2 negative crop(s) in 98.1s (66 files)

[72] GREENLAND 20240227 -- 1 cataloged event(s)
    [fetch] GREENLAND 2024-02-27 has 60 file(s) from a simultaneous second receiver (overlapping timestamps); keeping one series
  -> 1 positive + 2 negative crop(s) in 96.1s (66 files)

[73] GREENLAND 20240228 -- 3 cataloged event(s)
    [fetch] GREENLAND 2024-02-28 has 60 file(s) from a simultaneous second receiver (overlapping timestamps); keeping one series
    [extract] event 15:11-15:14 on 20240228 not fully covered by downloaded data for GREENLAND (gap or out of range), skipping
  -> 2 positive + 2 negative crop(s) in 96.6s (66 files)

[74] GREENLAND 20240229 -- 1 cataloged event(s)
    [fetch] GREENLAND 2024-02-29 has 61 file(s) from a simultaneous second receiver (overlapping timestamps); keeping one series
  -> 1 positive + 2 negative crop(s) in 99.1s (66 files)

[75] GREENLAND 20240301 -- 1 cataloged event(s)
    [fetch] GREENLAND 2024-03-01 has 62 file(s) from a simultaneous second receiver (overlapping timestamps); keeping one series
  -> 1 positive + 2 negative crop(s) in 98.6s (67 files)

[76] GREENLAND 20240304 -- 3 cataloged event(s)
    [fetch] GREENLAND 2024-03-04 has 63 file(s) from a simultaneous second receiver (overlapping timestamps); keeping one series
  -> 3 positive + 2 negative crop(s) in 99.8s (68 files)

[77] GREENLAND 20240305 -- 1 cataloged event(s)
    [fetch] GREENLAND 2024-03-05 has 62 file(s) from a simultaneous second receiver (overlapping timestamps); keeping one series
  -> 1 positive + 2 negative crop(s) in 98.1s (67 files)

[78] GREENLAND 20240306 -- 1 cataloged event(s)
    [fetch] GREENLAND 2024-03-06 has 61 file(s) from a simultaneous second receiver (overlapping timestamps); keeping one series
  -> 1 positive + 2 negative crop(s) in 96.3s (66 files)

[79] GREENLAND 20240309 -- 1 cataloged event(s)
    [fetch] GREENLAND 2024-03-09 has 63 file(s) from a simultaneous second receiver (overlapping timestamps); keeping one series
  -> 1 positive + 2 negative crop(s) in 98.7s (68 files)

[80] GREENLAND 20240310 -- 2 cataloged event(s)
    [fetch] GREENLAND 2024-03-10 has 64 file(s) from a simultaneous second receiver (overlapping timestamps); keeping one series
  -> 2 positive + 2 negative crop(s) in 99.2s (68 files)

[81] GREENLAND 20240313 -- 1 cataloged event(s)
    [fetch] GREENLAND 2024-03-13 has 67 file(s) from a simultaneous second receiver (overlapping timestamps); keeping one series
  -> 1 positive + 2 negative crop(s) in 122.8s (95 files)

[82] GREENLAND 20240314 -- 4 cataloged event(s)
    [fetch] GREENLAND 2024-03-14 has 66 file(s) from a simultaneous second receiver (overlapping timestamps); keeping one series
  -> 4 positive + 2 negative crop(s) in 126.2s (93 files)

[83] GREENLAND 20240316 -- 1 cataloged event(s)
    [fetch] GREENLAND 2024-03-16 has 67 file(s) from a simultaneous second receiver (overlapping timestamps); keeping one series
  -> 1 positive + 2 negative crop(s) in 123.6s (94 files)

[84] GREENLAND 20240317 -- 1 cataloged event(s)
    [fetch] GREENLAND 2024-03-17 has 67 file(s) from a simultaneous second receiver (overlapping timestamps); keeping one series
  -> 1 positive + 2 negative crop(s) in 124.4s (94 files)

[85] GREENLAND 20240319 -- 1 cataloged event(s)
    [fetch] GREENLAND 2024-03-19 has 67 file(s) from a simultaneous second receiver (overlapping timestamps); keeping one series
  -> 1 positive + 2 negative crop(s) in 124.9s (95 files)

[86] GREENLAND 20240322 -- 2 cataloged event(s)
    [fetch] GREENLAND 2024-03-22 has 67 file(s) from a simultaneous second receiver (overlapping timestamps); keeping one series
    [extract] event 14:31-14:38 on 20240322 not fully covered by downloaded data for GREENLAND (gap or out of range), skipping
  -> 1 positive + 2 negative crop(s) in 123.5s (94 files)

[87] GREENLAND 20240323 -- 2 cataloged event(s)
    [fetch] GREENLAND 2024-03-23 has 66 file(s) from a simultaneous second receiver (overlapping timestamps); keeping one series
  -> 2 positive + 2 negative crop(s) in 122.5s (93 files)

[88] GREENLAND 20240324 -- 3 cataloged event(s)
    [fetch] GREENLAND 2024-03-24 has 66 file(s) from a simultaneous second receiver (overlapping timestamps); keeping one series
  -> 3 positive + 2 negative crop(s) in 122.2s (94 files)

[89] GREENLAND 20240325 -- 3 cataloged event(s)
    [fetch] GREENLAND 2024-03-25 has 66 file(s) from a simultaneous second receiver (overlapping timestamps); keeping one series
  -> 3 positive + 2 negative crop(s) in 119.7s (94 files)

[90] GREENLAND 20240326 -- 1 cataloged event(s)
    [fetch] GREENLAND 2024-03-26 has 67 file(s) from a simultaneous second receiver (overlapping timestamps); keeping one series
  -> 1 positive + 2 negative crop(s) in 123.0s (94 files)

[91] GREENLAND 20240327 -- 6 cataloged event(s)
    [fetch] GREENLAND 2024-03-27 has 66 file(s) from a simultaneous second receiver (overlapping timestamps); keeping one series
    [extract] event 15:00-15:05 on 20240327 not fully covered by downloaded data for GREENLAND (gap or out of range), skipping
  -> 5 positive + 2 negative crop(s) in 120.4s (93 files)

[92] GREENLAND 20240328 -- 5 cataloged event(s)
    [fetch] GREENLAND 2024-03-28 has 67 file(s) from a simultaneous second receiver (overlapping timestamps); keeping one series
  -> 5 positive + 2 negative crop(s) in 122.0s (95 files)

[93] GREENLAND 20240329 -- 6 cataloged event(s)
    [fetch] GREENLAND 2024-03-29 has 68 file(s) from a simultaneous second receiver (overlapping timestamps); keeping one series
    [extract] event 13:23-13:32 on 20240329 not fully covered by downloaded data for GREENLAND (gap or out of range), skipping
  -> 5 positive + 2 negative crop(s) in 123.1s (95 files)

[94] GREENLAND 20240330 -- 2 cataloged event(s)
    [fetch] GREENLAND 2024-03-30 has 67 file(s) from a simultaneous second receiver (overlapping timestamps); keeping one series
  -> 2 positive + 2 negative crop(s) in 122.0s (93 files)

[95] GREENLAND 20240331 -- 1 cataloged event(s)
    [fetch] GREENLAND 2024-03-31 has 67 file(s) from a simultaneous second receiver (overlapping timestamps); keeping one series
  -> 1 positive + 2 negative crop(s) in 120.0s (93 files)

Timing: n=95, mean=104.3s, median=100.4s, min=74.4s, max=126.2s per station-day

Done. Metadata: ../data/ecallisto/raw_events/metadata.csv
